Traceback (most recent call last):
  File "E:\programming\my-books\sm6-py-cookbook\.venv\lib\site-packages\jupyter_cache\executors\utils.py", line 58, in single_nb_execution
    executenb(
  File "E:\programming\my-books\sm6-py-cookbook\.venv\lib\site-packages\nbclient\client.py", line 1305, in execute
    return NotebookClient(nb=nb, resources=resources, km=km, **kwargs).execute()
  File "E:\programming\my-books\sm6-py-cookbook\.venv\lib\site-packages\jupyter_core\utils\__init__.py", line 166, in wrapped
    return loop.run_until_complete(inner)
  File "C:\Users\User\AppData\Local\Programs\Python\Python310\lib\asyncio\base_events.py", line 649, in run_until_complete
    return future.result()
  File "E:\programming\my-books\sm6-py-cookbook\.venv\lib\site-packages\nbclient\client.py", line 705, in async_execute
    await self.async_execute_cell(
  File "E:\programming\my-books\sm6-py-cookbook\.venv\lib\site-packages\nbclient\client.py", line 1058, in async_execute_cell
    await self._check_raise_for_error(cell, cell_index, exec_reply)
  File "E:\programming\my-books\sm6-py-cookbook\.venv\lib\site-packages\nbclient\client.py", line 914, in _check_raise_for_error
    raise CellExecutionError.from_cell_and_msg(cell, exec_reply_content)
nbclient.exceptions.CellExecutionError: An error occurred while executing the following cell:
------------------
# Для окраски ошибок и прочего в сочные цвета
from termcolor import cprint


try:
    next(g)
except Exception as ex:
    cprint(ex.__class__.__name__, "red")
------------------


[1;31m---------------------------------------------------------------------------[0m
[1;31mModuleNotFoundError[0m                       Traceback (most recent call last)
Cell [1;32mIn[4], line 2[0m
[0;32m      1[0m [38;5;66;03m# Для окраски ошибок и прочего в сочные цвета[39;00m
[1;32m----> 2[0m [38;5;28;01mfrom[39;00m [38;5;21;01mtermcolor[39;00m [38;5;28;01mimport[39;00m cprint
[0;32m      5[0m [38;5;28;01mtry[39;00m:
[0;32m      6[0m     [38;5;28mnext[39m(g)

[1;31mModuleNotFoundError[0m: No module named 'termcolor'

